[2026-05-28 09:17:10 PST] [INFO ] ━━━━━━━━━━━━━━━━━━━━━━━━━━━━━━━━━━━━━━━━━━━━━━━━━━━━━━━━━━━━
[2026-05-28 09:17:10 PST] [INFO ] Midnight reset started — Altas Farm
[2026-05-28 09:17:10 PST] [INFO ] Environment : development
[2026-05-28 09:17:10 PST] [INFO ] Database    : u938213108_altas_db
[2026-05-28 09:17:10 PST] [INFO ] Server time : Thu, 28 May 2026 09:17:10 AM PST
[2026-05-28 09:17:11 PST] [OK   ] Database connection established.
[2026-05-28 09:17:11 PST] [INFO ] Members (total)         : 14
[2026-05-28 09:17:11 PST] [INFO ] Members (active)        : 14
[2026-05-28 09:17:11 PST] [INFO ] Members with pairs today  : 4
[2026-05-28 09:17:11 PST] [INFO ] Total pairs today       : 6
[2026-05-28 09:17:11 PST] [OK   ] pairs_paid_today reset to 0. Rows updated: 14
[2026-05-28 09:17:11 PST] [OK   ] Verification passed — all pairs_paid_today confirmed at 0.
[2026-05-28 09:17:11 PST] [OK   ] last_reset timestamp updated: 2026-05-28 09:17:11
[2026-05-28 09:17:11 PST] [OK   ] Cap expiration: 1 member(s) moved from 'capped' to 'perminact'.
[2026-05-28 09:17:11 PST] [OK   ] DFI payout: 0 paid to 0 member(s), 0 skipped.
[2026-05-28 09:17:11 PST] [INFO ] ━━━━━━━━━━━━━━━━━━━━━━━━━━━━━━━━━━━━━━━━━━━━━━━━━━━━━━━━━━━━
[2026-05-28 09:17:11 PST] [OK   ] Reset complete. Duration: 92.94ms
[2026-05-28 09:17:11 PST] [INFO ] ━━━━━━━━━━━━━━━━━━━━━━━━━━━━━━━━━━━━━━━━━━━━━━━━━━━━━━━━━━━━
[2026-05-28 10:15:18 PST] [INFO ] ━━━━━━━━━━━━━━━━━━━━━━━━━━━━━━━━━━━━━━━━━━━━━━━━━━━━━━━━━━━━
[2026-05-28 10:15:18 PST] [INFO ] Midnight reset started — Altas Farm
[2026-05-28 10:15:18 PST] [INFO ] Environment : development
[2026-05-28 10:15:18 PST] [INFO ] Database    : u938213108_altas_db
[2026-05-28 10:15:18 PST] [INFO ] Server time : Thu, 28 May 2026 10:15:18 AM PST
[2026-05-28 10:15:18 PST] [OK   ] Database connection established.
[2026-05-28 10:15:18 PST] [INFO ] Members (total)         : 15
[2026-05-28 10:15:18 PST] [INFO ] Members (active)        : 15
[2026-05-28 10:15:18 PST] [INFO ] Members with pairs today  : 0
[2026-05-28 10:15:18 PST] [INFO ] Total pairs today       : 0
[2026-05-28 10:15:18 PST] [OK   ] pairs_paid_today reset to 0. Rows updated: 15
[2026-05-28 10:15:18 PST] [OK   ] Verification passed — all pairs_paid_today confirmed at 0.
[2026-05-28 10:15:18 PST] [OK   ] last_reset timestamp updated: 2026-05-28 10:15:18
[2026-05-28 10:15:18 PST] [INFO ] Cap expiration: No members past reactivation window.
[2026-05-28 10:15:18 PST] [OK   ] DFI payout: 0 paid to 0 member(s), 0 skipped.
[2026-05-28 10:15:18 PST] [INFO ] ━━━━━━━━━━━━━━━━━━━━━━━━━━━━━━━━━━━━━━━━━━━━━━━━━━━━━━━━━━━━
[2026-05-28 10:15:18 PST] [OK   ] Reset complete. Duration: 84.34ms
[2026-05-28 10:15:18 PST] [INFO ] ━━━━━━━━━━━━━━━━━━━━━━━━━━━━━━━━━━━━━━━━━━━━━━━━━━━━━━━━━━━━
